D:\python\Lib\site-packages\requests\__init__.py:113: RequestsDependencyWarning: urllib3 (2.2.3) or chardet (7.6.0)/charset_normalizer (3.4.0) doesn't match a supported version!
  warnings.warn(
robot_id=202601006115  问题4  接口 http://127.0.0.1:2026
轮数=10  日志目录=E:\Draft\MathModel\cmc26\logs_q4_fix
汇总CSV=E:\Draft\MathModel\cmc26\logs_q4_fix\summary.csv

==================================================================
[轮次 1/10] 开始 20260912_232452
  日志: E:\Draft\MathModel\cmc26\logs_q4_fix\r01_20260912_232452.jsonl
==================================================================
  [ENTER] ok, 剩余现实时间 1200s
[ENTER] 成功进入, 开始 Q4 v3 环抱证书策略
[EXIT] 已退出
>>> 轮次 1 结果: 清除 10 个, 虚拟时间 7790.0s, 平均 779.004 s/个
-- 间隔 5.0s 后开始下一轮 (若模拟器需手动开始, 请现在点击) --

==================================================================
[轮次 2/10] 开始 20260912_232504
  日志: E:\Draft\MathModel\cmc26\logs_q4_fix\r02_20260912_232504.jsonl
==================================================================
  [ENTER] ok, 剩余现实时间 1200s
[ENTER] 成功进入, 开始 Q4 v3 环抱证书策略
[EXIT] 已退出
>>> 轮次 2 结果: 清除 10 个, 虚拟时间 9361.5s, 平均 936.154 s/个
-- 间隔 5.0s 后开始下一轮 (若模拟器需手动开始, 请现在点击) --

==================================================================
[轮次 3/10] 开始 20260912_232521
  日志: E:\Draft\MathModel\cmc26\logs_q4_fix\r03_20260912_232521.jsonl
==================================================================
  [ENTER] ok, 剩余现实时间 1200s
[ENTER] 成功进入, 开始 Q4 v3 环抱证书策略
[EXIT] 已退出
>>> 轮次 3 结果: 清除 15 个, 虚拟时间 7950.4s, 平均 530.029 s/个
-- 间隔 5.0s 后开始下一轮 (若模拟器需手动开始, 请现在点击) --

==================================================================
[轮次 4/10] 开始 20260912_232537
  日志: E:\Draft\MathModel\cmc26\logs_q4_fix\r04_20260912_232537.jsonl
==================================================================
  [ENTER] ok, 剩余现实时间 1200s
[ENTER] 成功进入, 开始 Q4 v3 环抱证书策略
[EXIT] 已退出
>>> 轮次 4 结果: 清除 11 个, 虚拟时间 6703.7s, 平均 609.427 s/个
-- 间隔 5.0s 后开始下一轮 (若模拟器需手动开始, 请现在点击) --

==================================================================
[轮次 5/10] 开始 20260912_232554
  日志: E:\Draft\MathModel\cmc26\logs_q4_fix\r05_20260912_232554.jsonl
==================================================================
  [ENTER] ok, 剩余现实时间 1200s
[ENTER] 成功进入, 开始 Q4 v3 环抱证书策略
[EXIT] 已退出
>>> 轮次 5 结果: 清除 14 个, 虚拟时间 6729.8s, 平均 480.698 s/个
-- 间隔 5.0s 后开始下一轮 (若模拟器需手动开始, 请现在点击) --

==================================================================
[轮次 6/10] 开始 20260912_232607
  日志: E:\Draft\MathModel\cmc26\logs_q4_fix\r06_20260912_232607.jsonl
==================================================================
  [ENTER] ok, 剩余现实时间 1200s
[ENTER] 成功进入, 开始 Q4 v3 环抱证书策略
[EXIT] 已退出
>>> 轮次 6 结果: 清除 11 个, 虚拟时间 6508.9s, 平均 591.718 s/个
-- 间隔 5.0s 后开始下一轮 (若模拟器需手动开始, 请现在点击) --

==================================================================
[轮次 7/10] 开始 20260912_232623
  日志: E:\Draft\MathModel\cmc26\logs_q4_fix\r07_20260912_232623.jsonl
==================================================================
  [ENTER] ok, 剩余现实时间 1200s
[ENTER] 成功进入, 开始 Q4 v3 环抱证书策略
[EXIT] 已退出
>>> 轮次 7 结果: 清除 13 个, 虚拟时间 7585.9s, 平均 583.532 s/个
-- 间隔 5.0s 后开始下一轮 (若模拟器需手动开始, 请现在点击) --

==================================================================
[轮次 8/10] 开始 20260912_232639
  日志: E:\Draft\MathModel\cmc26\logs_q4_fix\r08_20260912_232639.jsonl
==================================================================
  [ENTER] ok, 剩余现实时间 1200s
[ENTER] 成功进入, 开始 Q4 v3 环抱证书策略
[EXIT] 已退出
>>> 轮次 8 结果: 清除 14 个, 虚拟时间 6696.9s, 平均 478.348 s/个
-- 间隔 5.0s 后开始下一轮 (若模拟器需手动开始, 请现在点击) --

==================================================================
[轮次 9/10] 开始 20260912_232654
  日志: E:\Draft\MathModel\cmc26\logs_q4_fix\r09_20260912_232654.jsonl
==================================================================
  [ENTER] ok, 剩余现实时间 1200s
[ENTER] 成功进入, 开始 Q4 v3 环抱证书策略
[EXIT] 已退出
>>> 轮次 9 结果: 清除 16 个, 虚拟时间 6459.0s, 平均 403.69 s/个
-- 间隔 5.0s 后开始下一轮 (若模拟器需手动开始, 请现在点击) --

==================================================================
[轮次 10/10] 开始 20260912_232708
  日志: E:\Draft\MathModel\cmc26\logs_q4_fix\r10_20260912_232708.jsonl
==================================================================
  [ENTER] ok, 剩余现实时间 1200s
[ENTER] 成功进入, 开始 Q4 v3 环抱证书策略
[EXIT] 已退出
>>> 轮次 10 结果: 清除 13 个, 虚拟时间 9085.9s, 平均 698.913 s/个

==================================================================
批量测试结束, 共 10 轮, 耗时 147.8s
清除数: min=10 max=16 平均=12.70
虚拟总时间: min=6459.0s max=9361.5s 平均=7487.2s
平均定位清除时间: min=403.7s max=936.2s 平均=609.2s
