D:\python\Lib\site-packages\requests\__init__.py:113: RequestsDependencyWarning: urllib3 (2.2.3) or chardet (7.6.0)/charset_normalizer (3.4.0) doesn't match a supported version!
  warnings.warn(
robot_id=202601006115  问题4  接口 http://127.0.0.1:2026
轮数=10  日志目录=E:\Draft\MathModel\cmc26\logs_q4_batch
汇总CSV=E:\Draft\MathModel\cmc26\logs_q4_batch\summary.csv

==================================================================
[轮次 1/10] 开始 20260912_223906
  日志: E:\Draft\MathModel\cmc26\logs_q4_batch\r01_20260912_223906.jsonl
==================================================================
  [ENTER] ok, 剩余现实时间 1200s
[ENTER] 成功进入, 开始 Q4 v3 环抱证书策略
[EXIT] 已退出
>>> 轮次 1 结果: 清除 10 个, 虚拟时间 9574.2s, 平均 957.416 s/个
-- 间隔 5.0s 后开始下一轮 (若模拟器需手动开始, 请现在点击) --

==================================================================
[轮次 2/10] 开始 20260912_223919
  日志: E:\Draft\MathModel\cmc26\logs_q4_batch\r02_20260912_223919.jsonl
==================================================================
  ...等待窗口开启 (885s 后放弃)
  [ENTER] ok, 剩余现实时间 1200s
[ENTER] 成功进入, 开始 Q4 v3 环抱证书策略
[EXIT] 已退出
>>> 轮次 2 结果: 清除 11 个, 虚拟时间 7010.8s, 平均 637.346 s/个
-- 间隔 5.0s 后开始下一轮 (若模拟器需手动开始, 请现在点击) --

==================================================================
[轮次 3/10] 开始 20260912_223952
  日志: E:\Draft\MathModel\cmc26\logs_q4_batch\r03_20260912_223952.jsonl
==================================================================
  [ENTER] ok, 剩余现实时间 1200s
[ENTER] 成功进入, 开始 Q4 v3 环抱证书策略
[EXIT] 已退出
>>> 轮次 3 结果: 清除 13 个, 虚拟时间 7155.5s, 平均 550.425 s/个
-- 间隔 5.0s 后开始下一轮 (若模拟器需手动开始, 请现在点击) --

==================================================================
[轮次 4/10] 开始 20260912_224011
  日志: E:\Draft\MathModel\cmc26\logs_q4_batch\r04_20260912_224011.jsonl
==================================================================
  ...等待窗口开启 (885s 后放弃)
  [ENTER] ok, 剩余现实时间 1200s
[ENTER] 成功进入, 开始 Q4 v3 环抱证书策略
[EXIT] 已退出
>>> 轮次 4 结果: 清除 12 个, 虚拟时间 11202.1s, 平均 933.506 s/个
-- 间隔 5.0s 后开始下一轮 (若模拟器需手动开始, 请现在点击) --

==================================================================
[轮次 5/10] 开始 20260912_224039
  日志: E:\Draft\MathModel\cmc26\logs_q4_batch\r05_20260912_224039.jsonl
==================================================================
  [ENTER] ok, 剩余现实时间 1200s
[ENTER] 成功进入, 开始 Q4 v3 环抱证书策略
[EXIT] 已退出
>>> 轮次 5 结果: 清除 13 个, 虚拟时间 7015.6s, 平均 539.663 s/个
-- 间隔 5.0s 后开始下一轮 (若模拟器需手动开始, 请现在点击) --

==================================================================
[轮次 6/10] 开始 20260912_224056
  日志: E:\Draft\MathModel\cmc26\logs_q4_batch\r06_20260912_224056.jsonl
==================================================================
  [ENTER] ok, 剩余现实时间 1200s
[ENTER] 成功进入, 开始 Q4 v3 环抱证书策略
[EXIT] 已退出
>>> 轮次 6 结果: 清除 11 个, 虚拟时间 7683.0s, 平均 698.452 s/个
-- 间隔 5.0s 后开始下一轮 (若模拟器需手动开始, 请现在点击) --

==================================================================
[轮次 7/10] 开始 20260912_224116
  日志: E:\Draft\MathModel\cmc26\logs_q4_batch\r07_20260912_224116.jsonl
==================================================================
  [ENTER] ok, 剩余现实时间 1200s
[ENTER] 成功进入, 开始 Q4 v3 环抱证书策略
[EXIT] 已退出
>>> 轮次 7 结果: 清除 12 个, 虚拟时间 6933.1s, 平均 577.756 s/个
-- 间隔 5.0s 后开始下一轮 (若模拟器需手动开始, 请现在点击) --

==================================================================
[轮次 8/10] 开始 20260912_224133
  日志: E:\Draft\MathModel\cmc26\logs_q4_batch\r08_20260912_224133.jsonl
==================================================================
  [ENTER] ok, 剩余现实时间 1200s
[ENTER] 成功进入, 开始 Q4 v3 环抱证书策略
[EXIT] 已退出
>>> 轮次 8 结果: 清除 15 个, 虚拟时间 7531.4s, 平均 502.096 s/个
-- 间隔 5.0s 后开始下一轮 (若模拟器需手动开始, 请现在点击) --

==================================================================
[轮次 9/10] 开始 20260912_224149
  日志: E:\Draft\MathModel\cmc26\logs_q4_batch\r09_20260912_224149.jsonl
==================================================================
  [ENTER] ok, 剩余现实时间 1200s
[ENTER] 成功进入, 开始 Q4 v3 环抱证书策略
[EXIT] 已退出
>>> 轮次 9 结果: 清除 13 个, 虚拟时间 7721.7s, 平均 593.974 s/个
-- 间隔 5.0s 后开始下一轮 (若模拟器需手动开始, 请现在点击) --

==================================================================
[轮次 10/10] 开始 20260912_224209
  日志: E:\Draft\MathModel\cmc26\logs_q4_batch\r10_20260912_224209.jsonl
==================================================================
  [ENTER] ok, 剩余现实时间 1200s
[ENTER] 成功进入, 开始 Q4 v3 环抱证书策略
[EXIT] 已退出
>>> 轮次 10 结果: 清除 16 个, 虚拟时间 8776.9s, 平均 548.555 s/个

==================================================================
批量测试结束, 共 10 轮, 耗时 194.5s
清除数: min=10 max=16 平均=12.60
虚拟总时间: min=6933.1s max=11202.1s 平均=8060.4s
平均定位清除时间: min=502.1s max=957.4s 平均=653.9s
