D:\python\Lib\site-packages\requests\__init__.py:113: RequestsDependencyWarning: urllib3 (2.2.3) or chardet (7.6.0)/charset_normalizer (3.4.0) doesn't match a supported version!
  warnings.warn(
E:\Draft\MathModel\cmc26\q3\ledger.py:190: SyntaxWarning: invalid escape sequence '\ '
  """硬账: F_k \ B(S, 1000); 软账: Stone 式 (1-p_d) 更新."""
robot_id=202601006115  问题3  接口 http://127.0.0.1:2026
轮数=20  日志目录=E:\Draft\MathModel\cmc26\logs_q3_supp
汇总CSV=E:\Draft\MathModel\cmc26\logs_q3_supp\summary.csv

==================================================================
[轮次 1/20] 开始 20260912_232816
  日志: E:\Draft\MathModel\cmc26\logs_q3_supp\r01_20260912_232816.jsonl
==================================================================
  [ENTER] ok, 剩余现实时间 1200s
[ENTER] 成功进入, 开始 v6 自适应追踪策略

========== Q3 v2 统计 ==========
清除干扰源数 : 16
虚拟世界总时间: 4598.7 s (1.28 h)
平均定位清除时间: 287.4 s/个
检测次数 114, 换频 96 次, 清除失败 0 次
程序现实运行时间: 1.6 s
[EXIT] 已退出
>>> 轮次 1 结果: 清除 16 个, 虚拟时间 4598.7s, 平均 287.418 s/个
-- 间隔 3.0s 后开始下一轮 (若模拟器需手动开始, 请现在点击) --

==================================================================
[轮次 2/20] 开始 20260912_232823
  日志: E:\Draft\MathModel\cmc26\logs_q3_supp\r02_20260912_232823.jsonl
==================================================================
  [ENTER] ok, 剩余现实时间 1200s
[ENTER] 成功进入, 开始 v6 自适应追踪策略

========== Q3 v2 统计 ==========
清除干扰源数 : 13
虚拟世界总时间: 4125.0 s (1.15 h)
平均定位清除时间: 317.3 s/个
检测次数 122, 换频 91 次, 清除失败 1 次
程序现实运行时间: 1.6 s
[EXIT] 已退出
>>> 轮次 2 结果: 清除 13 个, 虚拟时间 4125.0s, 平均 317.308 s/个
-- 间隔 3.0s 后开始下一轮 (若模拟器需手动开始, 请现在点击) --

==================================================================
[轮次 3/20] 开始 20260912_232834
  日志: E:\Draft\MathModel\cmc26\logs_q3_supp\r03_20260912_232834.jsonl
==================================================================
  [ENTER] ok, 剩余现实时间 1200s
[ENTER] 成功进入, 开始 v6 自适应追踪策略

========== Q3 v2 统计 ==========
清除干扰源数 : 10
虚拟世界总时间: 4094.7 s (1.14 h)
平均定位清除时间: 409.5 s/个
检测次数 142, 换频 109 次, 清除失败 0 次
程序现实运行时间: 2.2 s
[EXIT] 已退出
>>> 轮次 3 结果: 清除 10 个, 虚拟时间 4094.7s, 平均 409.475 s/个
-- 间隔 3.0s 后开始下一轮 (若模拟器需手动开始, 请现在点击) --

==================================================================
[轮次 4/20] 开始 20260912_232845
  日志: E:\Draft\MathModel\cmc26\logs_q3_supp\r04_20260912_232845.jsonl
==================================================================
  [ENTER] ok, 剩余现实时间 1200s
[ENTER] 成功进入, 开始 v6 自适应追踪策略

========== Q3 v2 统计 ==========
清除干扰源数 : 15
虚拟世界总时间: 4212.7 s (1.17 h)
平均定位清除时间: 280.8 s/个
检测次数 123, 换频 100 次, 清除失败 0 次
程序现实运行时间: 2.3 s
[EXIT] 已退出
>>> 轮次 4 结果: 清除 15 个, 虚拟时间 4212.7s, 平均 280.849 s/个
-- 间隔 3.0s 后开始下一轮 (若模拟器需手动开始, 请现在点击) --

==================================================================
[轮次 5/20] 开始 20260912_232857
  日志: E:\Draft\MathModel\cmc26\logs_q3_supp\r05_20260912_232857.jsonl
==================================================================
  [ENTER] ok, 剩余现实时间 1200s
[ENTER] 成功进入, 开始 v6 自适应追踪策略

========== Q3 v2 统计 ==========
清除干扰源数 : 11
虚拟世界总时间: 4153.9 s (1.15 h)
平均定位清除时间: 377.6 s/个
检测次数 139, 换频 117 次, 清除失败 0 次
程序现实运行时间: 1.2 s
[EXIT] 已退出
>>> 轮次 5 结果: 清除 11 个, 虚拟时间 4153.9s, 平均 377.631 s/个
-- 间隔 3.0s 后开始下一轮 (若模拟器需手动开始, 请现在点击) --

==================================================================
[轮次 6/20] 开始 20260912_232908
  日志: E:\Draft\MathModel\cmc26\logs_q3_supp\r06_20260912_232908.jsonl
==================================================================
  [ENTER] ok, 剩余现实时间 1200s
[ENTER] 成功进入, 开始 v6 自适应追踪策略

========== Q3 v2 统计 ==========
清除干扰源数 : 15
虚拟世界总时间: 4423.1 s (1.23 h)
平均定位清除时间: 294.9 s/个
检测次数 143, 换频 108 次, 清除失败 0 次
程序现实运行时间: 2.0 s
[EXIT] 已退出
>>> 轮次 6 结果: 清除 15 个, 虚拟时间 4423.1s, 平均 294.872 s/个
-- 间隔 3.0s 后开始下一轮 (若模拟器需手动开始, 请现在点击) --

==================================================================
[轮次 7/20] 开始 20260912_232919
  日志: E:\Draft\MathModel\cmc26\logs_q3_supp\r07_20260912_232919.jsonl
==================================================================
  [ENTER] ok, 剩余现实时间 1200s
[ENTER] 成功进入, 开始 v6 自适应追踪策略

========== Q3 v2 统计 ==========
清除干扰源数 : 12
虚拟世界总时间: 3930.6 s (1.09 h)
平均定位清除时间: 327.6 s/个
检测次数 139, 换频 121 次, 清除失败 0 次
程序现实运行时间: 2.7 s
[EXIT] 已退出
>>> 轮次 7 结果: 清除 12 个, 虚拟时间 3930.6s, 平均 327.553 s/个
-- 间隔 3.0s 后开始下一轮 (若模拟器需手动开始, 请现在点击) --

==================================================================
[轮次 8/20] 开始 20260912_232931
  日志: E:\Draft\MathModel\cmc26\logs_q3_supp\r08_20260912_232931.jsonl
==================================================================
  [ENTER] ok, 剩余现实时间 1200s
[ENTER] 成功进入, 开始 v6 自适应追踪策略

========== Q3 v2 统计 ==========
清除干扰源数 : 13
虚拟世界总时间: 4130.9 s (1.15 h)
平均定位清除时间: 317.8 s/个
检测次数 111, 换频 89 次, 清除失败 6 次
程序现实运行时间: 2.2 s
[EXIT] 已退出
>>> 轮次 8 结果: 清除 13 个, 虚拟时间 4130.9s, 平均 317.763 s/个
-- 间隔 3.0s 后开始下一轮 (若模拟器需手动开始, 请现在点击) --

==================================================================
[轮次 9/20] 开始 20260912_232942
  日志: E:\Draft\MathModel\cmc26\logs_q3_supp\r09_20260912_232942.jsonl
==================================================================
  [ENTER] ok, 剩余现实时间 1200s
[ENTER] 成功进入, 开始 v6 自适应追踪策略

========== Q3 v2 统计 ==========
清除干扰源数 : 14
虚拟世界总时间: 4584.5 s (1.27 h)
平均定位清除时间: 327.5 s/个
检测次数 127, 换频 108 次, 清除失败 3 次
程序现实运行时间: 2.4 s
[EXIT] 已退出
>>> 轮次 9 结果: 清除 14 个, 虚拟时间 4584.5s, 平均 327.462 s/个
-- 间隔 3.0s 后开始下一轮 (若模拟器需手动开始, 请现在点击) --

==================================================================
[轮次 10/20] 开始 20260912_232955
  日志: E:\Draft\MathModel\cmc26\logs_q3_supp\r10_20260912_232955.jsonl
==================================================================
  [ENTER] ok, 剩余现实时间 1200s
[ENTER] 成功进入, 开始 v6 自适应追踪策略

========== Q3 v2 统计 ==========
清除干扰源数 : 16
虚拟世界总时间: 4733.0 s (1.31 h)
平均定位清除时间: 295.8 s/个
检测次数 152, 换频 119 次, 清除失败 0 次
程序现实运行时间: 2.6 s
[EXIT] 已退出
>>> 轮次 10 结果: 清除 16 个, 虚拟时间 4733.0s, 平均 295.811 s/个
-- 间隔 3.0s 后开始下一轮 (若模拟器需手动开始, 请现在点击) --

==================================================================
[轮次 11/20] 开始 20260912_233006
  日志: E:\Draft\MathModel\cmc26\logs_q3_supp\r11_20260912_233006.jsonl
==================================================================
  [ENTER] ok, 剩余现实时间 1200s
[ENTER] 成功进入, 开始 v6 自适应追踪策略

========== Q3 v2 统计 ==========
清除干扰源数 : 10
虚拟世界总时间: 3646.5 s (1.01 h)
平均定位清除时间: 364.7 s/个
检测次数 142, 换频 112 次, 清除失败 2 次
程序现实运行时间: 2.4 s
[EXIT] 已退出
>>> 轮次 11 结果: 清除 10 个, 虚拟时间 3646.5s, 平均 364.653 s/个
-- 间隔 3.0s 后开始下一轮 (若模拟器需手动开始, 请现在点击) --

==================================================================
[轮次 12/20] 开始 20260912_233017
  日志: E:\Draft\MathModel\cmc26\logs_q3_supp\r12_20260912_233017.jsonl
==================================================================
  [ENTER] ok, 剩余现实时间 1200s
[ENTER] 成功进入, 开始 v6 自适应追踪策略

========== Q3 v2 统计 ==========
清除干扰源数 : 13
虚拟世界总时间: 4093.3 s (1.14 h)
平均定位清除时间: 314.9 s/个
检测次数 133, 换频 103 次, 清除失败 0 次
程序现实运行时间: 2.5 s
[EXIT] 已退出
>>> 轮次 12 结果: 清除 13 个, 虚拟时间 4093.3s, 平均 314.873 s/个
-- 间隔 3.0s 后开始下一轮 (若模拟器需手动开始, 请现在点击) --

==================================================================
[轮次 13/20] 开始 20260912_233028
  日志: E:\Draft\MathModel\cmc26\logs_q3_supp\r13_20260912_233028.jsonl
==================================================================
  [ENTER] ok, 剩余现实时间 1200s
[ENTER] 成功进入, 开始 v6 自适应追踪策略

========== Q3 v2 统计 ==========
清除干扰源数 : 13
虚拟世界总时间: 4121.2 s (1.14 h)
平均定位清除时间: 317.0 s/个
检测次数 131, 换频 113 次, 清除失败 0 次
程序现实运行时间: 2.5 s
[EXIT] 已退出
>>> 轮次 13 结果: 清除 13 个, 虚拟时间 4121.2s, 平均 317.015 s/个
-- 间隔 3.0s 后开始下一轮 (若模拟器需手动开始, 请现在点击) --

==================================================================
[轮次 14/20] 开始 20260912_233039
  日志: E:\Draft\MathModel\cmc26\logs_q3_supp\r14_20260912_233039.jsonl
==================================================================
  [ENTER] ok, 剩余现实时间 1200s
[ENTER] 成功进入, 开始 v6 自适应追踪策略

========== Q3 v2 统计 ==========
清除干扰源数 : 14
虚拟世界总时间: 3780.1 s (1.05 h)
平均定位清除时间: 270.0 s/个
检测次数 121, 换频 97 次, 清除失败 0 次
程序现实运行时间: 2.0 s
[EXIT] 已退出
>>> 轮次 14 结果: 清除 14 个, 虚拟时间 3780.1s, 平均 270.008 s/个
-- 间隔 3.0s 后开始下一轮 (若模拟器需手动开始, 请现在点击) --

==================================================================
[轮次 15/20] 开始 20260912_233049
  日志: E:\Draft\MathModel\cmc26\logs_q3_supp\r15_20260912_233049.jsonl
==================================================================
  [ENTER] ok, 剩余现实时间 1200s
[ENTER] 成功进入, 开始 v6 自适应追踪策略

========== Q3 v2 统计 ==========
清除干扰源数 : 11
虚拟世界总时间: 4030.4 s (1.12 h)
平均定位清除时间: 366.4 s/个
检测次数 122, 换频 99 次, 清除失败 0 次
程序现实运行时间: 2.2 s
[EXIT] 已退出
>>> 轮次 15 结果: 清除 11 个, 虚拟时间 4030.4s, 平均 366.396 s/个
-- 间隔 3.0s 后开始下一轮 (若模拟器需手动开始, 请现在点击) --

==================================================================
[轮次 16/20] 开始 20260912_233100
  日志: E:\Draft\MathModel\cmc26\logs_q3_supp\r16_20260912_233100.jsonl
==================================================================
  [ENTER] ok, 剩余现实时间 1200s
[ENTER] 成功进入, 开始 v6 自适应追踪策略

========== Q3 v2 统计 ==========
清除干扰源数 : 10
虚拟世界总时间: 3793.0 s (1.05 h)
平均定位清除时间: 379.3 s/个
检测次数 143, 换频 114 次, 清除失败 0 次
程序现实运行时间: 2.4 s
[EXIT] 已退出
>>> 轮次 16 结果: 清除 10 个, 虚拟时间 3793.0s, 平均 379.305 s/个
-- 间隔 3.0s 后开始下一轮 (若模拟器需手动开始, 请现在点击) --

==================================================================
[轮次 17/20] 开始 20260912_233114
  日志: E:\Draft\MathModel\cmc26\logs_q3_supp\r17_20260912_233114.jsonl
==================================================================
  [ENTER] ok, 剩余现实时间 1200s
[ENTER] 成功进入, 开始 v6 自适应追踪策略

========== Q3 v2 统计 ==========
清除干扰源数 : 16
虚拟世界总时间: 4982.4 s (1.38 h)
平均定位清除时间: 311.4 s/个
检测次数 136, 换频 114 次, 清除失败 0 次
程序现实运行时间: 2.5 s
[EXIT] 已退出
>>> 轮次 17 结果: 清除 16 个, 虚拟时间 4982.4s, 平均 311.401 s/个
-- 间隔 3.0s 后开始下一轮 (若模拟器需手动开始, 请现在点击) --

==================================================================
[轮次 18/20] 开始 20260912_233127
  日志: E:\Draft\MathModel\cmc26\logs_q3_supp\r18_20260912_233127.jsonl
==================================================================
  [ENTER] ok, 剩余现实时间 1200s
[ENTER] 成功进入, 开始 v6 自适应追踪策略

========== Q3 v2 统计 ==========
清除干扰源数 : 10
虚拟世界总时间: 4130.9 s (1.15 h)
平均定位清除时间: 413.1 s/个
检测次数 138, 换频 103 次, 清除失败 0 次
程序现实运行时间: 2.1 s
[EXIT] 已退出
>>> 轮次 18 结果: 清除 10 个, 虚拟时间 4130.9s, 平均 413.094 s/个
-- 间隔 3.0s 后开始下一轮 (若模拟器需手动开始, 请现在点击) --

==================================================================
[轮次 19/20] 开始 20260912_233138
  日志: E:\Draft\MathModel\cmc26\logs_q3_supp\r19_20260912_233138.jsonl
==================================================================
  [ENTER] ok, 剩余现实时间 1200s
[ENTER] 成功进入, 开始 v6 自适应追踪策略

========== Q3 v2 统计 ==========
清除干扰源数 : 13
虚拟世界总时间: 3939.4 s (1.09 h)
平均定位清除时间: 303.0 s/个
检测次数 126, 换频 95 次, 清除失败 0 次
程序现实运行时间: 2.0 s
[EXIT] 已退出
>>> 轮次 19 结果: 清除 13 个, 虚拟时间 3939.4s, 平均 303.029 s/个
-- 间隔 3.0s 后开始下一轮 (若模拟器需手动开始, 请现在点击) --

==================================================================
[轮次 20/20] 开始 20260912_233148
  日志: E:\Draft\MathModel\cmc26\logs_q3_supp\r20_20260912_233148.jsonl
==================================================================
  [ENTER] ok, 剩余现实时间 1200s
[ENTER] 成功进入, 开始 v6 自适应追踪策略

========== Q3 v2 统计 ==========
清除干扰源数 : 12
虚拟世界总时间: 3968.2 s (1.10 h)
平均定位清除时间: 330.7 s/个
检测次数 135, 换频 113 次, 清除失败 0 次
程序现实运行时间: 2.0 s
[EXIT] 已退出
>>> 轮次 20 结果: 清除 12 个, 虚拟时间 3968.2s, 平均 330.687 s/个

==================================================================
批量测试结束, 共 20 轮, 耗时 219.9s
清除数: min=10 max=16 平均=12.85
虚拟总时间: min=3646.5s max=4982.4s 平均=4173.6s
平均定位清除时间: min=270.0s max=413.1s 平均=330.3s
下一步: python E:\Draft\MathModel\cmc26\q3\summarize_q3.py --indir "E:\Draft\MathModel\cmc26\logs_q3_supp"
