D:\python\Lib\site-packages\requests\__init__.py:113: RequestsDependencyWarning: urllib3 (2.2.3) or chardet (7.6.0)/charset_normalizer (3.4.0) doesn't match a supported version!
  warnings.warn(
robot_id=202601006115  问题4  接口 http://127.0.0.1:2026
轮数=10  日志目录=E:\Draft\MathModel\cmc26\logs_q4_600wt
汇总CSV=E:\Draft\MathModel\cmc26\logs_q4_600wt\summary.csv

==================================================================
[轮次 1/10] 开始 20260912_225951
  日志: E:\Draft\MathModel\cmc26\logs_q4_600wt\r01_20260912_225951.jsonl
==================================================================
  [ENTER] ok, 剩余现实时间 1200s
[ENTER] 成功进入, 开始 Q4 v3 环抱证书策略
[EXIT] 已退出
>>> 轮次 1 结果: 清除 15 个, 虚拟时间 6980.7s, 平均 465.377 s/个
-- 间隔 5.0s 后开始下一轮 (若模拟器需手动开始, 请现在点击) --

==================================================================
[轮次 2/10] 开始 20260912_230001
  日志: E:\Draft\MathModel\cmc26\logs_q4_600wt\r02_20260912_230001.jsonl
==================================================================
  [ENTER] ok, 剩余现实时间 1200s
[ENTER] 成功进入, 开始 Q4 v3 环抱证书策略
[EXIT] 已退出
>>> 轮次 2 结果: 清除 12 个, 虚拟时间 8114.3s, 平均 676.188 s/个
-- 间隔 5.0s 后开始下一轮 (若模拟器需手动开始, 请现在点击) --

==================================================================
[轮次 3/10] 开始 20260912_230021
  日志: E:\Draft\MathModel\cmc26\logs_q4_600wt\r03_20260912_230021.jsonl
==================================================================
  [ENTER] ok, 剩余现实时间 1200s
[ENTER] 成功进入, 开始 Q4 v3 环抱证书策略
[EXIT] 已退出
>>> 轮次 3 结果: 清除 15 个, 虚拟时间 6250.2s, 平均 416.683 s/个
-- 间隔 5.0s 后开始下一轮 (若模拟器需手动开始, 请现在点击) --

==================================================================
[轮次 4/10] 开始 20260912_230035
  日志: E:\Draft\MathModel\cmc26\logs_q4_600wt\r04_20260912_230035.jsonl
==================================================================
  [ENTER] ok, 剩余现实时间 1200s
[ENTER] 成功进入, 开始 Q4 v3 环抱证书策略
[EXIT] 已退出
>>> 轮次 4 结果: 清除 10 个, 虚拟时间 8320.2s, 平均 832.023 s/个
-- 间隔 5.0s 后开始下一轮 (若模拟器需手动开始, 请现在点击) --

==================================================================
[轮次 5/10] 开始 20260912_230050
  日志: E:\Draft\MathModel\cmc26\logs_q4_600wt\r05_20260912_230050.jsonl
==================================================================
  [ENTER] ok, 剩余现实时间 1200s
[ENTER] 成功进入, 开始 Q4 v3 环抱证书策略
[EXIT] 已退出
>>> 轮次 5 结果: 清除 15 个, 虚拟时间 7008.5s, 平均 467.231 s/个
-- 间隔 5.0s 后开始下一轮 (若模拟器需手动开始, 请现在点击) --

==================================================================
[轮次 6/10] 开始 20260912_230104
  日志: E:\Draft\MathModel\cmc26\logs_q4_600wt\r06_20260912_230104.jsonl
==================================================================
  [ENTER] ok, 剩余现实时间 1200s
[ENTER] 成功进入, 开始 Q4 v3 环抱证书策略
[EXIT] 已退出
>>> 轮次 6 结果: 清除 11 个, 虚拟时间 7043.7s, 平均 640.334 s/个
-- 间隔 5.0s 后开始下一轮 (若模拟器需手动开始, 请现在点击) --

==================================================================
[轮次 7/10] 开始 20260912_230119
  日志: E:\Draft\MathModel\cmc26\logs_q4_600wt\r07_20260912_230119.jsonl
==================================================================
  [ENTER] ok, 剩余现实时间 1200s
[ENTER] 成功进入, 开始 Q4 v3 环抱证书策略
[EXIT] 已退出
>>> 轮次 7 结果: 清除 11 个, 虚拟时间 6769.5s, 平均 615.407 s/个
-- 间隔 5.0s 后开始下一轮 (若模拟器需手动开始, 请现在点击) --

==================================================================
[轮次 8/10] 开始 20260912_230136
  日志: E:\Draft\MathModel\cmc26\logs_q4_600wt\r08_20260912_230136.jsonl
==================================================================
  [ENTER] ok, 剩余现实时间 1200s
[ENTER] 成功进入, 开始 Q4 v3 环抱证书策略
[EXIT] 已退出
>>> 轮次 8 结果: 清除 15 个, 虚拟时间 6928.0s, 平均 461.864 s/个
-- 间隔 5.0s 后开始下一轮 (若模拟器需手动开始, 请现在点击) --

==================================================================
[轮次 9/10] 开始 20260912_230156
  日志: E:\Draft\MathModel\cmc26\logs_q4_600wt\r09_20260912_230156.jsonl
==================================================================
  [ENTER] ok, 剩余现实时间 1200s
[ENTER] 成功进入, 开始 Q4 v3 环抱证书策略
[EXIT] 已退出
>>> 轮次 9 结果: 清除 15 个, 虚拟时间 10122.2s, 平均 674.814 s/个
-- 间隔 5.0s 后开始下一轮 (若模拟器需手动开始, 请现在点击) --

==================================================================
[轮次 10/10] 开始 20260912_230210
  日志: E:\Draft\MathModel\cmc26\logs_q4_600wt\r10_20260912_230210.jsonl
==================================================================
  [ENTER] ok, 剩余现实时间 1200s
[ENTER] 成功进入, 开始 Q4 v3 环抱证书策略
[EXIT] 已退出
>>> 轮次 10 结果: 清除 14 个, 虚拟时间 7082.4s, 平均 505.886 s/个

==================================================================
批量测试结束, 共 10 轮, 耗时 149.7s
清除数: min=10 max=15 平均=13.30
虚拟总时间: min=6250.2s max=10122.2s 平均=7462.0s
平均定位清除时间: min=416.7s max=832.0s 平均=575.6s
