D:\python\Lib\site-packages\requests\__init__.py:113: RequestsDependencyWarning: urllib3 (2.2.3) or chardet (7.6.0)/charset_normalizer (3.4.0) doesn't match a supported version!
  warnings.warn(
E:\Draft\MathModel\cmc26\q3\ledger.py:190: SyntaxWarning: invalid escape sequence '\ '
  """硬账: F_k \ B(S, 1000); 软账: Stone 式 (1-p_d) 更新."""
robot_id=202601006115  问题3  接口 http://127.0.0.1:2026
轮数=10  日志目录=E:\Draft\MathModel\cmc26\logs_q3_batch
汇总CSV=E:\Draft\MathModel\cmc26\logs_q3_batch\summary.csv

==================================================================
[轮次 1/10] 开始 20260912_222346
  日志: E:\Draft\MathModel\cmc26\logs_q3_batch\r01_20260912_222346.jsonl
==================================================================
  [ENTER] ok, 剩余现实时间 1130s
[ENTER] 成功进入, 开始 v6 自适应追踪策略

========== Q3 v2 统计 ==========
清除干扰源数 : 11
虚拟世界总时间: 3696.1 s (1.03 h)
平均定位清除时间: 336.0 s/个
检测次数 123, 换频 105 次, 清除失败 6 次
程序现实运行时间: 2.0 s
[EXIT] 已退出
>>> 轮次 1 结果: 清除 11 个, 虚拟时间 3696.1s, 平均 336.008 s/个
-- 间隔 5.0s 后开始下一轮 (若模拟器需手动开始, 请现在点击) --

==================================================================
[轮次 2/10] 开始 20260912_222353
  日志: E:\Draft\MathModel\cmc26\logs_q3_batch\r02_20260912_222353.jsonl
==================================================================
  [ENTER] ok, 剩余现实时间 1200s
[ENTER] 成功进入, 开始 v6 自适应追踪策略

========== Q3 v2 统计 ==========
清除干扰源数 : 11
虚拟世界总时间: 3713.7 s (1.03 h)
平均定位清除时间: 337.6 s/个
检测次数 127, 换频 110 次, 清除失败 5 次
程序现实运行时间: 2.4 s
[EXIT] 已退出
>>> 轮次 2 结果: 清除 11 个, 虚拟时间 3713.7s, 平均 337.606 s/个
-- 间隔 5.0s 后开始下一轮 (若模拟器需手动开始, 请现在点击) --

==================================================================
[轮次 3/10] 开始 20260912_222410
  日志: E:\Draft\MathModel\cmc26\logs_q3_batch\r03_20260912_222410.jsonl
==================================================================
  [ENTER] ok, 剩余现实时间 1200s
[ENTER] 成功进入, 开始 v6 自适应追踪策略

========== Q3 v2 统计 ==========
清除干扰源数 : 15
虚拟世界总时间: 4419.4 s (1.23 h)
平均定位清除时间: 294.6 s/个
检测次数 143, 换频 108 次, 清除失败 0 次
程序现实运行时间: 2.6 s
[EXIT] 已退出
>>> 轮次 3 结果: 清除 15 个, 虚拟时间 4419.4s, 平均 294.625 s/个
-- 间隔 5.0s 后开始下一轮 (若模拟器需手动开始, 请现在点击) --

==================================================================
[轮次 4/10] 开始 20260912_222432
  日志: E:\Draft\MathModel\cmc26\logs_q3_batch\r04_20260912_222432.jsonl
==================================================================
  [ENTER] ok, 剩余现实时间 1200s
[ENTER] 成功进入, 开始 v6 自适应追踪策略

========== Q3 v2 统计 ==========
清除干扰源数 : 12
虚拟世界总时间: 3722.0 s (1.03 h)
平均定位清除时间: 310.2 s/个
检测次数 123, 换频 101 次, 清除失败 0 次
程序现实运行时间: 2.4 s
[EXIT] 已退出
>>> 轮次 4 结果: 清除 12 个, 虚拟时间 3722.0s, 平均 310.167 s/个
-- 间隔 5.0s 后开始下一轮 (若模拟器需手动开始, 请现在点击) --

==================================================================
[轮次 5/10] 开始 20260912_222445
  日志: E:\Draft\MathModel\cmc26\logs_q3_batch\r05_20260912_222445.jsonl
==================================================================
  [ENTER] ok, 剩余现实时间 1200s
[ENTER] 成功进入, 开始 v6 自适应追踪策略

========== Q3 v2 统计 ==========
清除干扰源数 : 11
虚拟世界总时间: 3502.7 s (0.97 h)
平均定位清除时间: 318.4 s/个
检测次数 128, 换频 109 次, 清除失败 3 次
程序现实运行时间: 2.9 s
[EXIT] 已退出
>>> 轮次 5 结果: 清除 11 个, 虚拟时间 3502.7s, 平均 318.43 s/个
-- 间隔 5.0s 后开始下一轮 (若模拟器需手动开始, 请现在点击) --

==================================================================
[轮次 6/10] 开始 20260912_222458
  日志: E:\Draft\MathModel\cmc26\logs_q3_batch\r06_20260912_222458.jsonl
==================================================================
  [ENTER] ok, 剩余现实时间 1200s
[ENTER] 成功进入, 开始 v6 自适应追踪策略

========== Q3 v2 统计 ==========
清除干扰源数 : 10
虚拟世界总时间: 3453.0 s (0.96 h)
平均定位清除时间: 345.3 s/个
检测次数 139, 换频 117 次, 清除失败 2 次
程序现实运行时间: 3.0 s
[EXIT] 已退出
>>> 轮次 6 结果: 清除 10 个, 虚拟时间 3453.0s, 平均 345.298 s/个
-- 间隔 5.0s 后开始下一轮 (若模拟器需手动开始, 请现在点击) --

==================================================================
[轮次 7/10] 开始 20260912_222511
  日志: E:\Draft\MathModel\cmc26\logs_q3_batch\r07_20260912_222511.jsonl
==================================================================
  [ENTER] ok, 剩余现实时间 1200s
[ENTER] 成功进入, 开始 v6 自适应追踪策略

========== Q3 v2 统计 ==========
清除干扰源数 : 13
虚拟世界总时间: 4933.4 s (1.37 h)
平均定位清除时间: 379.5 s/个
检测次数 130, 换频 102 次, 清除失败 0 次
程序现实运行时间: 3.2 s
[EXIT] 已退出
>>> 轮次 7 结果: 清除 13 个, 虚拟时间 4933.4s, 平均 379.49 s/个
-- 间隔 5.0s 后开始下一轮 (若模拟器需手动开始, 请现在点击) --

==================================================================
[轮次 8/10] 开始 20260912_222523
  日志: E:\Draft\MathModel\cmc26\logs_q3_batch\r08_20260912_222523.jsonl
==================================================================
  [ENTER] ok, 剩余现实时间 1200s
[ENTER] 成功进入, 开始 v6 自适应追踪策略

========== Q3 v2 统计 ==========
清除干扰源数 : 16
虚拟世界总时间: 4795.8 s (1.33 h)
平均定位清除时间: 299.7 s/个
检测次数 149, 换频 116 次, 清除失败 0 次
程序现实运行时间: 3.1 s
[EXIT] 已退出
>>> 轮次 8 结果: 清除 16 个, 虚拟时间 4795.8s, 平均 299.74 s/个
-- 间隔 5.0s 后开始下一轮 (若模拟器需手动开始, 请现在点击) --

==================================================================
[轮次 9/10] 开始 20260912_222538
  日志: E:\Draft\MathModel\cmc26\logs_q3_batch\r09_20260912_222538.jsonl
==================================================================
  [ENTER] ok, 剩余现实时间 1200s
[ENTER] 成功进入, 开始 v6 自适应追踪策略

========== Q3 v2 统计 ==========
清除干扰源数 : 11
虚拟世界总时间: 3685.1 s (1.02 h)
平均定位清除时间: 335.0 s/个
检测次数 133, 换频 116 次, 清除失败 0 次
程序现实运行时间: 2.6 s
[EXIT] 已退出
>>> 轮次 9 结果: 清除 11 个, 虚拟时间 3685.1s, 平均 335.013 s/个
-- 间隔 5.0s 后开始下一轮 (若模拟器需手动开始, 请现在点击) --

==================================================================
[轮次 10/10] 开始 20260912_222549
  日志: E:\Draft\MathModel\cmc26\logs_q3_batch\r10_20260912_222549.jsonl
==================================================================
  [ENTER] ok, 剩余现实时间 1200s
[ENTER] 成功进入, 开始 v6 自适应追踪策略

========== Q3 v2 统计 ==========
清除干扰源数 : 15
虚拟世界总时间: 3967.8 s (1.10 h)
平均定位清除时间: 264.5 s/个
检测次数 106, 换频 88 次, 清除失败 3 次
程序现实运行时间: 2.3 s
[EXIT] 已退出
>>> 轮次 10 结果: 清除 15 个, 虚拟时间 3967.8s, 平均 264.523 s/个

==================================================================
批量测试结束, 共 10 轮, 耗时 130.3s
清除数: min=10 max=16 平均=12.50
虚拟总时间: min=3453.0s max=4933.4s 平均=3988.9s
平均定位清除时间: min=264.5s max=379.5s 平均=322.1s
下一步: python E:\Draft\MathModel\cmc26\q3\summarize_q3.py --indir "E:\Draft\MathModel\cmc26\logs_q3_batch"
