\BOOKMARK [1][]{section.1}{\376\377\116\000\060\001\000\040\137\025\212\000}{}% 1
\BOOKMARK [2][]{subsection.1.1}{\376\377\0001\000.\0001\000\040\225\356\230\230\200\314\146\157}{section.1}% 2
\BOOKMARK [2][]{subsection.1.2}{\376\377\0001\000.\0002\000\040\170\024\172\166\141\017\116\111}{section.1}% 3
\BOOKMARK [2][]{subsection.1.3}{\376\377\0001\000.\0003\000\040\225\356\230\230\221\315\217\360}{section.1}% 4
\BOOKMARK [2][]{subsection.1.4}{\376\377\0001\000.\0004\000\040\170\024\172\166\140\035\215\357}{section.1}% 5
\BOOKMARK [1][]{section.2}{\376\377\116\214\060\001\000\040\140\073\117\123\122\006\147\220}{}% 6
\BOOKMARK [1][]{section.3}{\376\377\116\011\060\001\000\040\152\041\127\213\120\107\213\276}{}% 7
\BOOKMARK [1][]{section.4}{\376\377\126\333\060\001\000\040\173\046\123\367\213\364\146\016}{}% 8
\BOOKMARK [1][]{section.5}{\376\377\116\224\060\001\000\040\152\041\127\213\166\204\136\372\172\313\116\016\154\102\211\343}{}% 9
\BOOKMARK [2][]{subsection.5.1}{\376\377\0005\000.\0001\000\040\225\356\230\230\116\000\166\204\152\041\127\213\166\204\136\372\172\313\124\214\154\102\211\343}{section.5}% 10
\BOOKMARK [3][]{subsubsection.5.1.1}{\376\377\0005\000.\0001\000.\0001\000\040\121\167\117\123\122\006\147\220}{subsection.5.1}% 11
\BOOKMARK [3][]{subsubsection.5.1.2}{\376\377\0005\000.\0001\000.\0002\000\040\152\041\127\213\136\372\172\313}{subsection.5.1}% 12
\BOOKMARK [3][]{subsubsection.5.1.3}{\376\377\0005\000.\0001\000.\0003\000\040\152\041\127\213\154\102\211\343}{subsection.5.1}% 13
\BOOKMARK [2][]{subsection.5.2}{\376\377\0005\000.\0002\000\040\225\356\230\230\116\214\166\204\152\041\127\213\166\204\136\372\172\313\124\214\154\102\211\343}{section.5}% 14
\BOOKMARK [3][]{subsubsection.5.2.1}{\376\377\0005\000.\0002\000.\0001\000\040\121\167\117\123\122\006\147\220}{subsection.5.2}% 15
\BOOKMARK [3][]{subsubsection.5.2.2}{\376\377\0005\000.\0002\000.\0002\000\040\152\041\127\213\136\372\172\313}{subsection.5.2}% 16
\BOOKMARK [3][]{subsubsection.5.2.3}{\376\377\0005\000.\0002\000.\0003\000\040\152\041\127\213\154\102\211\343}{subsection.5.2}% 17
\BOOKMARK [2][]{subsection.5.3}{\376\377\0005\000.\0003\000\040\225\356\230\230\116\011\166\204\152\041\127\213\166\204\136\372\172\313\124\214\154\102\211\343}{section.5}% 18
\BOOKMARK [3][]{subsubsection.5.3.1}{\376\377\0005\000.\0003\000.\0001\000\040\121\167\117\123\122\006\147\220}{subsection.5.3}% 19
\BOOKMARK [3][]{subsubsection.5.3.2}{\376\377\0005\000.\0003\000.\0002\000\040\152\041\127\213\136\372\172\313}{subsection.5.3}% 20
\BOOKMARK [3][]{subsubsection.5.3.3}{\376\377\0005\000.\0003\000.\0003\000\040\152\041\127\213\154\102\211\343}{subsection.5.3}% 21
\BOOKMARK [2][]{subsection.5.4}{\376\377\0005\000.\0004\000\040\225\356\230\230\126\333\166\204\152\041\127\213\166\204\136\372\172\313\124\214\154\102\211\343}{section.5}% 22
\BOOKMARK [3][]{subsubsection.5.4.1}{\376\377\0005\000.\0004\000.\0001\000\040\121\167\117\123\122\006\147\220}{subsection.5.4}% 23
\BOOKMARK [3][]{subsubsection.5.4.2}{\376\377\0005\000.\0004\000.\0002\000\040\152\041\127\213\136\372\172\313}{subsection.5.4}% 24
\BOOKMARK [3][]{subsubsection.5.4.3}{\376\377\0005\000.\0004\000.\0003\000\040\152\041\127\213\154\102\211\343}{subsection.5.4}% 25
\BOOKMARK [1][]{section.6}{\376\377\121\155\060\001\000\040\152\041\127\213\150\300\232\214\116\016\122\006\147\220}{}% 26
\BOOKMARK [2][]{subsection.6.1}{\376\377\0006\000.\0001\000\040\116\244\123\311\232\214\213\301\150\300\232\214}{section.6}% 27
\BOOKMARK [2][]{subsection.6.2}{\376\377\0006\000.\0002\000\040\153\213\135\356\122\006\147\220\150\300\232\214}{section.6}% 28
\BOOKMARK [2][]{subsection.6.3}{\376\377\0006\000.\0003\000\040\160\165\145\117\136\246\122\006\147\220}{section.6}% 29
\BOOKMARK [1][]{section.7}{\376\377\116\003\060\001\000\040\152\041\127\213\166\204\213\304\116\367}{}% 30
\BOOKMARK [2][]{subsection.7.1}{\376\377\0007\000.\0001\000\040\152\041\127\213\166\204\117\030\160\271}{section.7}% 31
\BOOKMARK [2][]{subsection.7.2}{\376\377\0007\000.\0002\000\040\152\041\127\213\166\204\177\072\160\271}{section.7}% 32
\BOOKMARK [1][]{section.8}{\376\377\121\153\060\001\000\040\152\041\127\213\166\204\145\071\217\333\116\016\143\250\136\177}{}% 33
\BOOKMARK [2][]{subsection.8.1}{\376\377\0008\000.\0001\000\040\152\041\127\213\166\204\145\071\217\333}{section.8}% 34
\BOOKMARK [2][]{subsection.8.2}{\376\377\0008\000.\0002\000\040\152\041\127\213\166\204\143\250\136\177}{section.8}% 35
\BOOKMARK [1][]{section*.46}{\376\377\123\302\200\003\145\207\163\056}{}% 36
