\BOOKMARK [1][-]{section.1}{\376\377\230\230\166\356\140\073\117\123\145\271\124\021}{}% 1
\BOOKMARK [1][-]{section.2}{\376\377\124\004\230\230\154\102\211\343\140\035\215\357}{}% 2
\BOOKMARK [2][-]{subsection.2.1}{\376\377\225\356\230\230\116\000\377\032\116\244\117\032\133\232\117\115\123\072\127\337\166\204\166\364\137\204\173\227\154\325\116\016\166\364\137\204\127\006\211\206\166\326\140\047}{section.2}% 3
\BOOKMARK [3][-]{subsubsection.2.1.1}{\376\377\121\167\117\123\122\006\147\220}{subsection.2.1}% 4
\BOOKMARK [3][-]{subsubsection.2.1.2}{\376\377\136\372\152\041}{subsection.2.1}% 5
\BOOKMARK [2][-]{subsection.2.2}{\376\377\225\356\230\230\116\214\377\032\173\054\116\214\150\300\155\113\160\271\166\204\220\011\142\351\173\126\165\145\116\016\120\031\220\011\123\072\127\337}{section.2}% 6
\BOOKMARK [3][-]{subsubsection.2.2.1}{\376\377\121\167\117\123\122\006\147\220}{subsection.2.2}% 7
\BOOKMARK [3][-]{subsubsection.2.2.2}{\376\377\136\372\152\041}{subsection.2.2}% 8
\BOOKMARK [2][-]{subsection.2.3}{\376\377\225\356\230\230\116\011\377\032\121\150\124\021\136\162\142\160\156\220\166\204\144\034\175\042\060\001\133\232\117\115\116\016\156\005\226\144\173\126\165\145}{section.2}% 9
\BOOKMARK [3][-]{subsubsection.2.3.1}{\376\377\121\167\117\123\122\006\147\220}{subsection.2.3}% 10
\BOOKMARK [3][-]{subsubsection.2.3.2}{\376\377\136\372\152\041}{subsection.2.3}% 11
\BOOKMARK [2][-]{subsection.2.4}{\376\377\225\356\230\230\126\333\377\032\124\053\133\232\124\021\136\162\142\160\156\220\166\204\150\300\155\113\116\016\156\005\226\144\173\126\165\145}{section.2}% 12
\BOOKMARK [3][-]{subsubsection.2.4.1}{\376\377\121\167\117\123\122\006\147\220}{subsection.2.4}% 13
\BOOKMARK [3][-]{subsubsection.2.4.2}{\376\377\136\372\152\041}{subsection.2.4}% 14
\BOOKMARK [1][-]{section.3}{\376\377\136\372\152\041\145\271\154\325\123\071\221\115\210\150}{}% 15
\BOOKMARK [1][-]{section.4}{\376\377\124\004\230\230\217\223\121\372\150\007\121\306}{}% 16
\BOOKMARK [2][-]{subsection.4.1}{\376\377\225\356\230\230\116\000\217\223\121\372\211\201\154\102}{section.4}% 17
\BOOKMARK [2][-]{subsection.4.2}{\376\377\225\356\230\230\116\214\217\223\121\372\211\201\154\102}{section.4}% 18
\BOOKMARK [2][-]{subsection.4.3}{\376\377\225\356\230\230\116\011\217\223\121\372\211\201\154\102}{section.4}% 19
\BOOKMARK [2][-]{subsection.4.4}{\376\377\225\356\230\230\126\333\217\223\121\372\211\201\154\102}{section.4}% 20
