\BOOKMARK [1][-]{section.1}{\376\377\225\356\230\230\116\000\377\032\116\244\117\032\133\232\117\115\123\072\127\337\166\204\166\364\137\204\173\227\154\325\116\016\166\364\137\204\127\006\211\206\166\326\140\047}{}% 1
\BOOKMARK [2][-]{subsection.1.1}{\376\377\121\167\117\123\122\006\147\220}{section.1}% 2
\BOOKMARK [2][-]{subsection.1.2}{\376\377\152\041\127\213\121\306\131\007}{section.1}% 3
\BOOKMARK [3][-]{subsubsection.1.2.1}{\376\377\123\302\145\160\116\016\127\120\150\007\176\246\133\232}{subsection.1.2}% 4
\BOOKMARK [3][-]{subsubsection.1.2.2}{\376\377\173\227\154\325\220\011\142\351}{subsection.1.2}% 5
\BOOKMARK [2][-]{subsection.1.3}{\376\377\152\041\127\213\136\372\172\313}{section.1}% 6
\BOOKMARK [3][-]{subsubsection.1.3.1}{\376\377\151\124\137\142\166\204\123\112\136\163\227\142\173\111\116\367\210\150\171\072}{subsection.1.3}% 7
\BOOKMARK [3][-]{subsubsection.1.3.2}{\376\377\133\232\117\115\123\072\127\337\116\016\142\052\145\255}{subsection.1.3}% 8
\BOOKMARK [3][-]{subsubsection.1.3.3}{\376\377\166\364\137\204\173\227\154\325}{subsection.1.3}% 9
\BOOKMARK [3][-]{subsubsection.1.3.4}{\376\377\166\364\137\204\127\006\211\206\166\326\166\204\121\105\211\201\122\044\143\156}{subsection.1.3}% 10
\BOOKMARK [2][-]{subsection.1.4}{\376\377\152\041\127\213\154\102\211\343}{section.1}% 11
\BOOKMARK [3][-]{subsubsection.1.4.1}{\376\377\171\072\203\003\147\204\127\213}{subsection.1.4}% 12
\BOOKMARK [3][-]{subsubsection.1.4.2}{\376\377\204\231\162\171\123\141\155\033\176\337\213\241}{subsection.1.4}% 13
\BOOKMARK [3][-]{subsubsection.1.4.3}{\376\377\211\206\166\326\163\207\166\204\176\323\147\204\116\016\160\165\145\117\136\246}{subsection.1.4}% 14
\BOOKMARK [1][-]{section.2}{\376\377\225\356\230\230\116\214\377\032\173\054\116\214\116\052\150\300\155\113\160\271\166\204\220\011\142\351\173\126\165\145\116\016\120\031\220\011\123\072\127\337}{}% 15
\BOOKMARK [2][-]{subsection.2.1}{\376\377\121\167\117\123\122\006\147\220}{section.2}% 16
\BOOKMARK [2][-]{subsection.2.2}{\376\377\152\041\127\213\121\306\131\007}{section.2}% 17
\BOOKMARK [3][-]{subsubsection.2.2.1}{\376\377\123\357\210\114\127\337\166\204\136\372\172\313\116\016\127\120\150\007\137\122\116\000\123\026}{subsection.2.2}% 18
\BOOKMARK [3][-]{subsubsection.2.2.2}{\376\377\173\227\154\325\220\011\142\351}{subsection.2.2}% 19
\BOOKMARK [2][-]{subsection.2.3}{\376\377\152\041\127\213\136\372\172\313}{section.2}% 20
\BOOKMARK [3][-]{subsubsection.2.3.1}{\376\377\213\357\135\356\117\040\144\255\121\154\137\017}{subsection.2.3}% 21
\BOOKMARK [3][-]{subsubsection.2.3.2}{\376\377\127\202\166\364\136\003\172\331\166\204\211\343\147\220\147\000\117\030}{subsection.2.3}% 22
\BOOKMARK [3][-]{subsubsection.2.3.3}{\376\377\172\063\120\145\121\306\122\031\116\016\120\031\220\011\123\072\127\337}{subsection.2.3}% 23
\BOOKMARK [2][-]{subsection.2.4}{\376\377\152\041\127\213\154\102\211\343}{section.2}% 24
\BOOKMARK [3][-]{subsubsection.2.4.1}{\376\377\211\343\147\220\176\323\213\272\166\204\145\160\120\074\150\070\133\371}{subsection.2.4}% 25
\BOOKMARK [3][-]{subsubsection.2.4.2}{\376\377\116\000\202\054\136\003\172\331\166\204\145\160\120\074\147\000\117\030}{subsection.2.4}% 26
\BOOKMARK [3][-]{subsubsection.2.4.3}{\376\377\120\031\220\011\123\072\127\337}{subsection.2.4}% 27
\BOOKMARK [3][-]{subsubsection.2.4.4}{\376\377\147\072\122\250\142\020\147\054\160\165\145\117\136\246}{subsection.2.4}% 28
\BOOKMARK [1][-]{section.3}{\376\377\225\356\230\230\116\011\377\032\121\150\124\021\136\162\142\160\156\220\166\204\144\034\175\042\060\001\133\232\117\115\116\016\156\005\226\144\173\126\165\145}{}% 29
\BOOKMARK [2][-]{subsection.3.1}{\376\377\121\167\117\123\122\006\147\220}{section.3}% 30
\BOOKMARK [2][-]{subsection.3.2}{\376\377\152\041\127\213\121\306\131\007}{section.3}% 31
\BOOKMARK [3][-]{subsubsection.3.2.1}{\376\377\123\357\150\300\155\113\140\047\152\041\127\213\116\016\230\204\131\004\164\006\166\204\123\302\145\160\145\164\164\006}{subsection.3.2}% 32
\BOOKMARK [3][-]{subsubsection.3.2.2}{\376\377\173\227\154\325\220\011\142\351}{subsection.3.2}% 33
\BOOKMARK [2][-]{subsection.3.3}{\376\377\152\041\127\213\136\372\172\313}{section.3}% 34
\BOOKMARK [3][-]{subsubsection.3.3.1}{\376\377\117\335\213\301\211\206\166\326\177\121\116\016\211\302\155\113\160\271\145\160\116\013\165\114}{subsection.3.3}% 35
\BOOKMARK [3][-]{subsubsection.3.3.2}{\376\377\116\244\117\032\133\232\117\115\116\016\220\074\217\321\226\010\120\074}{subsection.3.3}% 36
\BOOKMARK [3][-]{subsubsection.3.3.3}{\376\377\206\132\142\337\145\366\225\364\152\041\127\213}{subsection.3.3}% 37
\BOOKMARK [3][-]{subsubsection.3.3.4}{\376\377\122\006\134\102\144\034\175\042\173\126\165\145\116\016\173\227\154\325}{subsection.3.3}% 38
\BOOKMARK [2][-]{subsection.3.4}{\376\377\152\041\127\213\154\102\211\343}{section.3}% 39
\BOOKMARK [3][-]{subsubsection.3.4.1}{\376\377\117\335\213\301\211\206\166\326\177\121}{subsection.3.4}% 40
\BOOKMARK [3][-]{subsubsection.3.4.2}{\376\377\133\232\117\115\174\276\136\246\226\010\120\074\116\016\145\366\225\364\152\041\127\213\176\323\147\234}{subsection.3.4}% 41
\BOOKMARK [3][-]{subsubsection.3.4.3}{\376\377\153\143\137\017\155\113\213\325\176\323\147\234\210\150}{subsection.3.4}% 42
\BOOKMARK [1][-]{section.4}{\376\377\225\356\230\230\126\333\377\032\124\053\133\232\124\021\136\162\142\160\156\220\166\204\150\300\155\113\116\016\156\005\226\144\173\126\165\145}{}% 43
\BOOKMARK [2][-]{subsection.4.1}{\376\377\121\167\117\123\122\006\147\220}{section.4}% 44
\BOOKMARK [2][-]{subsection.4.2}{\376\377\152\041\127\213\121\306\131\007}{section.4}% 45
\BOOKMARK [3][-]{subsubsection.4.2.1}{\376\377\123\357\150\300\155\113\127\337\166\204\123\112\127\006\166\330\122\073\165\073}{subsection.4.2}% 46
\BOOKMARK [3][-]{subsubsection.4.2.2}{\376\377\173\227\154\325\220\011\142\351}{subsection.4.2}% 47
\BOOKMARK [2][-]{subsection.4.3}{\376\377\152\041\127\213\136\372\172\313}{section.4}% 48
\BOOKMARK [3][-]{subsubsection.4.3.1}{\376\377\200\314\124\021\116\015\123\357\155\113\133\232\164\006}{subsection.4.3}% 49
\BOOKMARK [3][-]{subsubsection.4.3.2}{\376\377\145\271\117\115\123\005\126\364\122\044\143\156\116\016\116\011\145\271\117\115\133\232\164\006}{subsection.4.3}% 50
\BOOKMARK [3][-]{subsubsection.4.3.3}{\376\377\122\006\176\247\121\227\117\131\177\121\152\041\127\213}{subsection.4.3}% 51
\BOOKMARK [3][-]{subsubsection.4.3.4}{\376\377\201\352\220\002\136\224\210\145\155\113\173\126\165\145}{subsection.4.3}% 52
\BOOKMARK [2][-]{subsection.4.4}{\376\377\152\041\127\213\154\102\211\343}{section.4}% 53
\BOOKMARK [3][-]{subsubsection.4.4.1}{\376\377\116\044\116\052\127\372\147\054\122\044\143\156\166\204\145\160\120\074\232\214\213\301}{subsection.4.4}% 54
\BOOKMARK [3][-]{subsubsection.4.4.2}{\376\377\116\003\160\271\211\206\166\326\177\121\166\204\131\061\145\110\122\006\147\220}{subsection.4.4}% 55
\BOOKMARK [3][-]{subsubsection.4.4.3}{\376\377\122\006\176\247\121\227\117\131\177\121\116\016\145\366\225\364\116\343\116\367}{subsection.4.4}% 56
\BOOKMARK [3][-]{subsubsection.4.4.4}{\376\377\201\352\220\002\136\224\210\145\155\113\173\126\165\145\166\204\116\343\116\367}{subsection.4.4}% 57
\BOOKMARK [3][-]{subsubsection.4.4.5}{\376\377\153\143\137\017\155\113\213\325\176\323\147\234\210\150}{subsection.4.4}% 58
\BOOKMARK [1][-]{section.5}{\376\377\152\041\127\213\150\300\232\214\116\016\122\006\147\220}{}% 59
\BOOKMARK [2][-]{subsection.5.1}{\376\377\116\244\123\311\232\214\213\301\150\300\232\214}{section.5}% 60
\BOOKMARK [2][-]{subsection.5.2}{\376\377\153\213\135\356\122\006\147\220\150\300\232\214}{section.5}% 61
\BOOKMARK [2][-]{subsection.5.3}{\376\377\160\165\145\117\136\246\122\006\147\220}{section.5}% 62
\BOOKMARK [1][-]{section.6}{\376\377\152\041\127\213\166\204\213\304\116\367}{}% 63
\BOOKMARK [2][-]{subsection.6.1}{\376\377\152\041\127\213\166\204\117\030\160\271}{section.6}% 64
\BOOKMARK [2][-]{subsection.6.2}{\376\377\152\041\127\213\166\204\177\072\160\271}{section.6}% 65
\BOOKMARK [1][-]{section.7}{\376\377\152\041\127\213\166\204\145\071\217\333\116\016\143\250\136\177}{}% 66
\BOOKMARK [2][-]{subsection.7.1}{\376\377\152\041\127\213\166\204\145\071\217\333}{section.7}% 67
\BOOKMARK [2][-]{subsection.7.2}{\376\377\152\041\127\213\166\204\143\250\136\177}{section.7}% 68
